gsankari@3c063040b7a3 pemfile % git clone https://git-codecommit.us-east-1.amazonaws.com/v1/repos/repoA
Cloning into 'repoA'...
Username for 'https://git-codecommit.us-east-1.amazonaws.com': codecommituser-at-297970952224
Password for 'https://codecommituser-at-297970952224@git-codecommit.us-east-1.amazonaws.com':
fatal: unable to access 'https://git-codecommit.us-east-1.amazonaws.com/v1/repos/repoA/': The requested URL returned error: 403
gsankari@3c063040b7a3 pemfile % git clone https://git-codecommit.us-east-1.amazonaws.com/v1/repos/repoA
Cloning into 'repoA'...
Username for 'https://git-codecommit.us-east-1.amazonaws.com': codecommituser-at-297970952224
Password for 'https://codecommituser-at-297970952224@git-codecommit.us-east-1.amazonaws.com':
warning: You appear to have cloned an empty repository.
gsankari@3c063040b7a3 pemfile %
gsankari@3c063040b7a3 pemfile %
gsankari@3c063040b7a3 pemfile % cd repoA
gsankari@3c063040b7a3 repoA % ls
athenamain.py	athenatest.py
gsankari@3c063040b7a3 repoA % git status
On branch main

No commits yet

Untracked files:
  (use "git add <file>..." to include in what will be committed)
	athenamain.py
	athenatest.py

nothing added to commit but untracked files present (use "git add" to track)
gsankari@3c063040b7a3 repoA % git add .
gsankari@3c063040b7a3 repoA % git status
On branch main

No commits yet

Changes to be committed:
  (use "git rm --cached <file>..." to unstage)
	new file:   athenamain.py
	new file:   athenatest.py

first commit
# Please enter the commit message for your changes. Lines starting
# with '#' will be ignored, and an empty message aborts the commit.
#
gsankari@3c063040b7a3 repoA % git commit -m "my first commit"
Code Defender: Repository has not been setup with git defender
Run git defender --setup to fix
https://w.amazon.com/bin/view/AWS/Teams/GlobalServicesSecurity/Engineering/CodeDefender/UserHelp/#5
gsankari@3c063040b7a3 repoA % git defender --setup
Setting up /Users/gsankari/Desktop/pemfile/repoA
Configure remote repositories allowed for pushing
  Update using the git-config property: defender.allowrepo
Existing remotes:
https://git-codecommit.us-east-1.amazonaws.com/v1/repos/repoA
Should this be used for git defender? (y/N) y
Configure email allowed for commits
Run git config --global user.email "you@example.com" git config --global user.name "Your Name" to set your account's default identity. Omit --global to set the identity only in this repository.
Please enter the email you'd like to use for this repository
email: gsankari@amazon.com
confirm email: gsankari@amazon.com
gsankari@3c063040b7a3 repoA %
gsankari@3c063040b7a3 repoA % git status
On branch main

No commits yet

Changes to be committed:
  (use "git rm --cached <file>..." to unstage)
	new file:   athenamain.py
	new file:   athenatest.py

gsankari@3c063040b7a3 repoA % git commit -m "my first commit"
Code Defender: You have to set user.email in your Git Config using this command: git config --global user.email <your email address>
Code Defender: You have to set user.email in your Git Config using this command: git config --global user.name "firstname lastname">
NOTE you will need quotes around your name since it has a space in it
gsankari@3c063040b7a3 repoA % git commit
Code Defender: You have to set user.email in your Git Config using this command: git config --global user.email <your email address>
Code Defender: You have to set user.email in your Git Config using this command: git config --global user.name "firstname lastname">
NOTE you will need quotes around your name since it has a space in it
gsankari@3c063040b7a3 repoA % git config --global gsankari@amazon.com
error: invalid key: gsankari@amazon.com
gsankari@3c063040b7a3 repoA % git config --global user.email gsankari@amazon.com
gsankari@3c063040b7a3 repoA % git commit
Code Defender: You have to set user.email in your Git Config using this command: git config --global user.name "firstname lastname">
NOTE you will need quotes around your name since it has a space in it
gsankari@3c063040b7a3 repoA % git config --global user.name "Sankari G"
gsankari@3c063040b7a3 repoA % git commit
The following files have been added, modified, moved, or removed:
********************************************************************

A	athenamain.py
A	athenatest.py


********************************************************************
hint: Waiting for your editor to close the file... error: There was a problem with the editor 'vi'.
Please supply the message using either -m or -F option.
gsankari@3c063040b7a3 repoA % git status
On branch main

No commits yet

Changes to be committed:
  (use "git rm --cached <file>..." to unstage)
	new file:   athenamain.py
	new file:   athenatest.py

Untracked files:
  (use "git add <file>..." to include in what will be committed)
	1

gsankari@3c063040b7a3 repoA % git push
error: src refspec refs/heads/main does not match any
error: failed to push some refs to 'https://git-codecommit.us-east-1.amazonaws.com/v1/repos/repoA'
gsankari@3c063040b7a3 repoA % git rm 1
fatal: pathspec '1' did not match any files
gsankari@3c063040b7a3 repoA % git rm "1"
fatal: pathspec '1' did not match any files
gsankari@3c063040b7a3 repoA % git push
error: src refspec refs/heads/main does not match any
error: failed to push some refs to 'https://git-codecommit.us-east-1.amazonaws.com/v1/repos/repoA'
gsankari@3c063040b7a3 repoA % git add .
gsankari@3c063040b7a3 repoA % git commit
The following files have been added, modified, moved, or removed:
********************************************************************

A	1
A	athenamain.py
A	athenatest.py


********************************************************************


Aborting commit due to empty commit message.
gsankari@3c063040b7a3 repoA %
gsankari@3c063040b7a3 repoA %
gsankari@3c063040b7a3 repoA % git status
On branch main

No commits yet

Changes to be committed:
  (use "git rm --cached <file>..." to unstage)
	new file:   1
	new file:   athenamain.py
	new file:   athenatest.py

gsankari@3c063040b7a3 repoA % git push
error: src refspec refs/heads/main does not match any
error: failed to push some refs to 'https://git-codecommit.us-east-1.amazonaws.com/v1/repos/repoA'
gsankari@3c063040b7a3 repoA % git push -u origin main

error: src refspec main does not match any
error: failed to push some refs to 'https://git-codecommit.us-east-1.amazonaws.com/v1/repos/repoA'
gsankari@3c063040b7a3 repoA %
